<?xml version="1.0" encoding="UTF-8"?>
<ArdourMIDIBindings version="1.0.0" name="Reactive Performance MVP" manufacturer="Generic">

<!--
  Reactive Performance Mode MVP bridge map.

  This binds an eight-pad performance row to the first static Reactive action
  slots. The action callbacks are intentionally registered before the document
  loader/executor slice so controller maps can be discovered and tested early.
-->

	<DeviceInfo bank-size="8" motorised="no"/>

	<Binding channel="10" note="36" action="Reactive/trigger-action-0" momentary="yes"/>
	<Binding channel="10" note="37" action="Reactive/trigger-action-1" momentary="yes"/>
	<Binding channel="10" note="38" action="Reactive/trigger-action-2" momentary="yes"/>
	<Binding channel="10" note="39" action="Reactive/trigger-action-3" momentary="yes"/>
	<Binding channel="10" note="40" action="Reactive/trigger-action-4" momentary="yes"/>
	<Binding channel="10" note="41" action="Reactive/trigger-action-5" momentary="yes"/>
	<Binding channel="10" note="42" action="Reactive/trigger-action-6" momentary="yes"/>
	<Binding channel="10" note="43" action="Reactive/trigger-action-7" momentary="yes"/>

</ArdourMIDIBindings>
